vite v8.0.11 building client environment for production...
[2Ktransforming...✗ Build failed in 901ms
